==========================================
rewrite [100000] in WASM2MAUDE-MODELCHECK : boot .
rewrites: 89657 in 33ms cpu (35ms real) (2677847 rewrites/second)
result ModelState: finished(state.sym(rec.store(eps, eps, eps, eps,
    rec.funcinst(deftype.def(rectype.rec(list.wrap(subtype.sub(final.final,
    eps, comptype.func-sym(list.wrap(i32 i32 i32), list.wrap(i32))))), 0),
    rec.moduleinst(deftype.def(rectype.rec(list.wrap(subtype.sub(final.final,
    eps, comptype.func-sym(list.wrap(i32 i32 i32), list.wrap(i32))))), 0), eps,
    eps, eps, eps, 0, eps, eps, rec.exportinst(name.wrap(char.wrap(102)
    char.wrap(105) char.wrap(98)), externaddr.func(0))), func.func(uN.wrap(0),
    local.local(i32), instr.block(blocktype.result(eps), instr.loop(
    blocktype.result(eps), instr.local-get(uN.wrap(0)) instr.testop(i32,
    testop.eqz) instr.br-if(uN.wrap(1)) instr.local-get(uN.wrap(1))
    instr.local-get(uN.wrap(2)) instr.binop(i32, binop.add) instr.local-set(
    uN.wrap(3)) instr.local-get(uN.wrap(2)) instr.local-set(uN.wrap(1))
    instr.local-get(uN.wrap(3)) instr.local-set(uN.wrap(2)) instr.local-get(
    uN.wrap(0)) const(i32, uN.wrap(1)) instr.binop(i32, binop.sub)
    instr.local-set(uN.wrap(0)) instr.br(uN.wrap(0)))) instr.local-get(uN.wrap(
    1)))), eps, eps, eps, eps, eps), rec.frame(eps, rec.moduleinst(eps, eps,
    eps, eps, eps, eps, eps, eps, eps))), const(i32, uN.wrap(5)))
Bye.
